<pre><code class="language-php">echo "Hello world.";</code></pre>
<pre><code>Hello world.</code></pre>