<pre><code class="language-php">echo "\x3Cpre\x3EHello world.\x3C/pre\x3E";</code></pre>
<pre><code>&lt;pre&gt;Hello world.&lt;/pre&gt;</code></pre>