<pre><code class="language-php">echo &quot;&lt;pre&gt;Hello world.&lt;/pre&gt;&quot;;</code></pre>
<pre><code>&lt;pre&gt;Hello world.&lt;/pre&gt;</code></pre>